     1                                  ;Test routine for GetPut.asm     test.asm 
     2                                  ;
     3                                  ;       Objective: find the sum of numbers 
     4                                  ;       Input: Requests n integers  from the user.
     5                                  ;       Output: Outputs the input number.
     6                                  %include "io.mac"
     7                              <1> extern   proc_nwln, proc_PutCh, proc_PutStr
     8                              <1> extern   proc_GetStr, proc_GetCh
     9                              <1> extern   proc_PutInt, proc_GetInt
    10                              <1> extern   proc_PutLInt, proc_GetLInt
    11                              <1> 
    12                              <1> ;;-------------------------------------------------------------------
    13                              <1> %macro  .STARTUP  0
    14                              <1> ;group dgroup .data .bss
    15                              <1>         global   _start
    16                              <1> _start:
    17                              <1> %endmacro
    18                              <1> ;;-------------------------------------------------------------------
    19                              <1> 
    20                              <1> 
    21                              <1> ;;-------------------------------------------------------------------
    22                              <1> %macro  .EXIT  0
    23                              <1>         mov    EAX,1
    24                              <1>         xor    EBX,EBX
    25                              <1>         int    0x80
    26                              <1> %endmacro
    27                              <1> ;;-------------------------------------------------------------------
    28                              <1> 
    29                              <1> 
    30                              <1> ;;-------------------------------------------------------------------
    31                              <1> %macro  .DATA 0
    32                              <1>         segment .data
    33                              <1> %endmacro
    34                              <1> ;;-------------------------------------------------------------------
    35                              <1> 
    36                              <1> ;;-------------------------------------------------------------------
    37                              <1> %macro  .UDATA 0
    38                              <1>         segment .bss
    39                              <1> %endmacro
    40                              <1> ;;-------------------------------------------------------------------
    41                              <1> 
    42                              <1> ;;-------------------------------------------------------------------
    43                              <1> %macro  .CODE 0
    44                              <1>         segment .data
    45                              <1>         segment .bss
    46                              <1>         segment .text
    47                              <1> %endmacro
    48                              <1> ;;-------------------------------------------------------------------
    49                              <1> 
    50                              <1> 
    51                              <1> ;;-------------------------------------------------------------------
    52                              <1> %macro  nwln  0 
    53                              <1>         call    proc_nwln
    54                              <1> %endmacro
    55                              <1> ;;-------------------------------------------------------------------
    56                              <1> 
    57                              <1> 
    58                              <1> ;;-------------------------------------------------------------------
    59                              <1> %macro  PutCh  1 
    60                              <1>         push    AX
    61                              <1>         mov     AL,%1
    62                              <1>         call    proc_PutCh
    63                              <1>         pop     AX
    64                              <1> %endmacro
    65                              <1> ;;-------------------------------------------------------------------
    66                              <1> 
    67                              <1> 
    68                              <1> ;;-------------------------------------------------------------------
    69                              <1> %macro  PutStr  1 
    70                              <1>         push    ECX
    71                              <1>         mov     ECX,%1
    72                              <1>         call    proc_PutStr
    73                              <1>         pop     ECX
    74                              <1> %endmacro
    75                              <1> ;;-------------------------------------------------------------------
    76                              <1> 
    77                              <1> 
    78                              <1> ;;-------------------------------------------------------------------
    79                              <1> %macro  GetStr  1-2 81
    80                              <1>         push    ESI
    81                              <1>         push    EDI
    82                              <1>         mov     EDI,%1
    83                              <1>         mov     ESI,%2
    84                              <1>         call    proc_GetStr
    85                              <1>         pop     EDI
    86                              <1>         pop     ESI
    87                              <1> %endmacro
    88                              <1> ;;-------------------------------------------------------------------
    89                              <1> 
    90                              <1> 
    91                              <1> ;;-------------------------------------------------------------------
    92                              <1> %macro  GetCh   1
    93                              <1>         push    SI
    94                              <1>         xor     SI,SI
    95                              <1> %ifidni %1,AL
    96                              <1>         ;inc     SI
    97                              <1>         call    proc_GetCh
    98                              <1> %elifidni %1,AH
    99                              <1>         mov     SI,1
   100                              <1>         call    proc_GetCh
   101                              <1> %else
   102                              <1>         push    AX
   103                              <1>         call    proc_GetCh
   104                              <1>         mov     %1,AL
   105                              <1>         pop     AX
   106                              <1> %endif
   107                              <1>         pop     SI
   108                              <1> %endmacro
   109                              <1> ;;-------------------------------------------------------------------
   110                              <1> 
   111                              <1> 
   112                              <1> ;;-------------------------------------------------------------------
   113                              <1> %macro  PutInt  1
   114                              <1>         push    AX
   115                              <1>         mov     AX,%1
   116                              <1>         call    proc_PutInt
   117                              <1>         pop     AX
   118                              <1> %endmacro
   119                              <1> ;;-------------------------------------------------------------------
   120                              <1> 
   121                              <1> 
   122                              <1> ;;-------------------------------------------------------------------
   123                              <1> %macro  GetInt  1
   124                              <1> %ifnidni %1,AX
   125                              <1>         push    AX
   126                              <1>         call    proc_GetInt
   127                              <1>         mov     %1,AX
   128                              <1> 	  pop     AX
   129                              <1> %else 
   130                              <1>         call  proc_GetInt
   131                              <1> %endif
   132                              <1> %endmacro
   133                              <1> ;;-------------------------------------------------------------------
   134                              <1> 
   135                              <1> ;;-------------------------------------------------------------------
   136                              <1> %macro  PutLInt  1
   137                              <1>         push    EAX
   138                              <1>         mov     EAX,%1
   139                              <1>         call    proc_PutLInt
   140                              <1>         pop     EAX
   141                              <1> %endmacro
   142                              <1> ;;-------------------------------------------------------------------
   143                              <1> 
   144                              <1> ;;-------------------------------------------------------------------
   145                              <1> %macro  GetLInt  1
   146                              <1> %ifnidni %1,EAX
   147                              <1>         push    EAX
   148                              <1>         call    proc_GetLInt
   149                              <1>         mov     %1,EAX
   150                              <1> 	  pop     EAX
   151                              <1> %else 
   152                              <1>         call  proc_GetLInt
   153                              <1> %endif
   154                              <1> %endmacro
   155                              <1> ;;-------------------------------------------------------------------
   156                              <1> 
   157                                  
   158                                  .DATA
   159                              <1>  segment .data
   160 00000000 456E746572206E756D-     prompt_msg1  db   "Enter numbers to sum: ",0
   161 00000009 6265727320746F2073-
   162 00000012 756D3A2000         
   163 00000017 20696E707574207468-     prompt_msg2  db   " input the number : ",0   
   164 00000020 65206E756D62657220-
   165 00000029 3A2000             
   166 0000002C 5468652073756D2069-     output_msg1  db   "The sum is :",0
   167 00000035 73203A00           
   168 00000039 6D65616E203D2000        output_msg2  db   "mean = ",0
   169 00000041 76617269656E636520-     output_msg3  db   "varience = ",0
   170 0000004A 3D2000             
   171                                  .UDATA 
   172                              <1>  segment .bss
   173 00000000 <res 00000004>          number1   resd   1 
   174 00000004 <res 00000004>          number2   resd   1
   175                                  
   176                                  .CODE
   177                              <1>  segment .data
   178                              <1>  segment .bss
   179                              <1>  segment .text
   180                                        .STARTUP
   181                              <1> 
   182                              <1>  global _start
   183                              <1> _start:
   184                                        PutStr  prompt_msg1   ; print msg 
   185 00000000 51                  <1>  push ECX
   186 00000001 B9[00000000]        <1>  mov ECX,%1
   187 00000006 E8(00000000)        <1>  call proc_PutStr
   188 0000000B 59                  <1>  pop ECX
   189                                        GetInt CX             ; CX= numbers to be entered  
   190                              <1> %ifnidni %1,AX
   191 0000000C 6650                <1>  push AX
   192 0000000E E8(00000000)        <1>  call proc_GetInt
   193 00000013 6689C1              <1>  mov %1,AX
   194 00000016 6658                <1>  pop AX
   195                              <1> %else
   196                              <1>  call proc_GetInt
   197                              <1> %endif
   198                                        PutStr  prompt_msg2   ; print msg
   199 00000018 51                  <1>  push ECX
   200 00000019 B9[17000000]        <1>  mov ECX,%1
   201 0000001E E8(00000000)        <1>  call proc_PutStr
   202 00000023 59                  <1>  pop ECX
   203 00000024 6629DB                        sub BX,BX              ;BX = 0
   204 00000027 6689D8                        mov AX,BX               ;AX = 0
   205                                  loop_begin:
   206 0000002A 6639D9                        cmp CX,BX 
   207 0000002D 7415                          je loop_end
   208 0000002F 7500                          jne sum
   209                                  sum: 
   210                                        GetInt DX               ;get value to DX
   211                              <1> %ifnidni %1,AX
   212 00000031 6650                <1>  push AX
   213 00000033 E8(00000000)        <1>  call proc_GetInt
   214 00000038 6689C2              <1>  mov %1,AX
   215 0000003B 6658                <1>  pop AX
   216                              <1> %else
   217                              <1>  call proc_GetInt
   218                              <1> %endif
   219 0000003D 6643                          inc BX
   220 0000003F 6601D0                        add AX, DX              ;add them to AX
   221 00000042 EBE6                          jmp loop_begin 
   222                                  loop_end:          
   223                                        PutStr  output_msg1      ;print output msg
   224 00000044 51                  <1>  push ECX
   225 00000045 B9[2C000000]        <1>  mov ECX,%1
   226 0000004A E8(00000000)        <1>  call proc_PutStr
   227 0000004F 59                  <1>  pop ECX
   228                                        PutInt  AX              ;print output sum
   229 00000050 6650                <1>  push AX
   230 00000052 6689C0              <1>  mov AX,%1
   231 00000055 E8(00000000)        <1>  call proc_PutInt
   232 0000005A 6658                <1>  pop AX
   233                                       nwln                     ;new line
   234 0000005C E8(00000000)        <1>  call proc_nwln
   235                                       PutStr  output_msg2
   236 00000061 51                  <1>  push ECX
   237 00000062 B9[39000000]        <1>  mov ECX,%1
   238 00000067 E8(00000000)        <1>  call proc_PutStr
   239 0000006C 59                  <1>  pop ECX
   240 0000006D 6689CA                       mov DX,CX
   241 00000070 6689C3                       mov BX,AX
   242                                       div  4,BX
   243          ******************       error: invalid combination of opcode and operands
   244                                       PutInt   BX
   245 00000073 6650                <1>  push AX
   246 00000075 6689D8              <1>  mov AX,%1
   247 00000078 E8(00000000)        <1>  call proc_PutInt
   248 0000007D 6658                <1>  pop AX
   249                                  done:
   250                                        .EXIT                   ;end of the code segment
   251 0000007F B801000000          <1>  mov EAX,1
   252 00000084 31DB                <1>  xor EBX,EBX
   253 00000086 CD80                <1>  int 0x80
   254                                  
   255                                  
   256                                  
   257                                  
   258                                  
   259                                  
   260                                  
   261                                  
   262                                  
